Building...
info: Microsoft.EntityFrameworkCore.Database.Command[20101]
      Executed DbCommand (11ms) [Parameters=[@__normalizedName_0='?'], CommandType='Text', CommandTimeout='30']
      SELECT a."Id", a."ConcurrencyStamp", a."Name", a."NormalizedName"
      FROM "AspNetRoles" AS a
      WHERE a."NormalizedName" = @__normalizedName_0
      LIMIT 1
info: Microsoft.EntityFrameworkCore.Database.Command[20101]
      Executed DbCommand (1ms) [Parameters=[@__normalizedName_0='?'], CommandType='Text', CommandTimeout='30']
      SELECT a."Id", a."ConcurrencyStamp", a."Name", a."NormalizedName"
      FROM "AspNetRoles" AS a
      WHERE a."NormalizedName" = @__normalizedName_0
      LIMIT 1
info: Microsoft.EntityFrameworkCore.Database.Command[20101]
      Executed DbCommand (1ms) [Parameters=[@__normalizedName_0='?'], CommandType='Text', CommandTimeout='30']
      SELECT a."Id", a."ConcurrencyStamp", a."Name", a."NormalizedName"
      FROM "AspNetRoles" AS a
      WHERE a."NormalizedName" = @__normalizedName_0
      LIMIT 1
info: Microsoft.EntityFrameworkCore.Database.Command[20101]
      Executed DbCommand (1ms) [Parameters=[@__normalizedEmail_0='?'], CommandType='Text', CommandTimeout='30']
      SELECT a."Id", a."AccessFailedCount", a."AvatarUrl", a."ConcurrencyStamp", a."DepartmentId", a."Email", a."EmailConfirmed", a."FullName", a."LockoutEnabled", a."LockoutEnd", a."NormalizedEmail", a."NormalizedUserName", a."PasswordHash", a."PhoneNumber", a."PhoneNumberConfirmed", a."SecurityStamp", a."TwoFactorEnabled", a."UserName"
      FROM "AspNetUsers" AS a
      WHERE a."NormalizedEmail" = @__normalizedEmail_0
      LIMIT 2
info: Microsoft.EntityFrameworkCore.Database.Command[20101]
      Executed DbCommand (1ms) [Parameters=[@__normalizedEmail_0='?'], CommandType='Text', CommandTimeout='30']
      SELECT a."Id", a."AccessFailedCount", a."AvatarUrl", a."ConcurrencyStamp", a."DepartmentId", a."Email", a."EmailConfirmed", a."FullName", a."LockoutEnabled", a."LockoutEnd", a."NormalizedEmail", a."NormalizedUserName", a."PasswordHash", a."PhoneNumber", a."PhoneNumberConfirmed", a."SecurityStamp", a."TwoFactorEnabled", a."UserName"
      FROM "AspNetUsers" AS a
      WHERE a."NormalizedEmail" = @__normalizedEmail_0
      LIMIT 2
info: Microsoft.EntityFrameworkCore.Database.Command[20101]
      Executed DbCommand (1ms) [Parameters=[@__normalizedEmail_0='?'], CommandType='Text', CommandTimeout='30']
      SELECT a."Id", a."AccessFailedCount", a."AvatarUrl", a."ConcurrencyStamp", a."DepartmentId", a."Email", a."EmailConfirmed", a."FullName", a."LockoutEnabled", a."LockoutEnd", a."NormalizedEmail", a."NormalizedUserName", a."PasswordHash", a."PhoneNumber", a."PhoneNumberConfirmed", a."SecurityStamp", a."TwoFactorEnabled", a."UserName"
      FROM "AspNetUsers" AS a
      WHERE a."NormalizedEmail" = @__normalizedEmail_0
      LIMIT 2
info: Microsoft.EntityFrameworkCore.Database.Command[20101]
      Executed DbCommand (0ms) [Parameters=[@__normalizedEmail_0='?'], CommandType='Text', CommandTimeout='30']
      SELECT a."Id", a."AccessFailedCount", a."AvatarUrl", a."ConcurrencyStamp", a."DepartmentId", a."Email", a."EmailConfirmed", a."FullName", a."LockoutEnabled", a."LockoutEnd", a."NormalizedEmail", a."NormalizedUserName", a."PasswordHash", a."PhoneNumber", a."PhoneNumberConfirmed", a."SecurityStamp", a."TwoFactorEnabled", a."UserName"
      FROM "AspNetUsers" AS a
      WHERE a."NormalizedEmail" = @__normalizedEmail_0
      LIMIT 2
info: ServiceDesk.Api[0]
      Azurite CORS configured.
info: Hangfire.PostgreSql.PostgreSqlStorage[0]
      Start installing Hangfire SQL objects...
info: Hangfire.PostgreSql.PostgreSqlStorage[0]
      Hangfire SQL objects installed.
info: Microsoft.Hosting.Lifetime[14]
      Now listening on: http://localhost:5093
info: Hangfire.BackgroundJobServer[0]
      Starting Hangfire Server using job storage: 'PostgreSQL Server: Host: localhost, DB: servicedesk, Schema: hangfire'
info: Hangfire.BackgroundJobServer[0]
      Using the following options for PostgreSQL job storage:
info: Hangfire.BackgroundJobServer[0]
          Queue poll interval: 00:00:15.
info: Hangfire.BackgroundJobServer[0]
          Invisibility timeout: 00:30:00.
info: Hangfire.BackgroundJobServer[0]
          Use sliding invisibility timeout: False.
info: Hangfire.BackgroundJobServer[0]
      Using the following options for Hangfire Server:
          Worker count: 2
          Listening queues: 'default'
          Shutdown timeout: 00:00:15
          Schedule polling interval: 00:00:15
info: Microsoft.Hosting.Lifetime[0]
      Application started. Press Ctrl+C to shut down.
info: Microsoft.Hosting.Lifetime[0]
      Hosting environment: Development
info: Microsoft.Hosting.Lifetime[0]
      Content root path: /home/muhammadusmanalhaq/Desktop/Enterprise SaaS Project/ServiceDesk/src/ServiceDesk.Api
info: Hangfire.Server.BackgroundServerProcess[0]
      Server pop-os:350334:74e34980 successfully announced in 14.7421 ms
info: Hangfire.Server.BackgroundServerProcess[0]
      Server pop-os:350334:74e34980 is starting the registered dispatchers: ServerWatchdog, ServerJobCancellationWatcher, ExpirationManager, CountersAggregator, Worker, DelayedJobScheduler, RecurringJobScheduler...
info: Hangfire.Server.BackgroundServerProcess[0]
      Server pop-os:350334:74e34980 all the dispatchers started
info: Hangfire.Server.ServerWatchdog[0]
      1 servers were removed due to timeout
info: Hangfire.PostgreSql.ExpirationManager[0]
      Removed 1 outdated record(s) from 'job' table.
warn: Microsoft.AspNetCore.HttpsPolicy.HttpsRedirectionMiddleware[3]
      Failed to determine the https port for redirect.
info: Microsoft.EntityFrameworkCore.Database.Command[20101]
      Executed DbCommand (1ms) [Parameters=[@__normalizedEmail_0='?'], CommandType='Text', CommandTimeout='30']
      SELECT a."Id", a."AccessFailedCount", a."AvatarUrl", a."ConcurrencyStamp", a."DepartmentId", a."Email", a."EmailConfirmed", a."FullName", a."LockoutEnabled", a."LockoutEnd", a."NormalizedEmail", a."NormalizedUserName", a."PasswordHash", a."PhoneNumber", a."PhoneNumberConfirmed", a."SecurityStamp", a."TwoFactorEnabled", a."UserName"
      FROM "AspNetUsers" AS a
      WHERE a."NormalizedEmail" = @__normalizedEmail_0
      LIMIT 2
info: Microsoft.EntityFrameworkCore.Database.Command[20101]
      Executed DbCommand (2ms) [Parameters=[@__userId_0='?'], CommandType='Text', CommandTimeout='30']
      SELECT a0."Name"
      FROM "AspNetUserRoles" AS a
      INNER JOIN "AspNetRoles" AS a0 ON a."RoleId" = a0."Id"
      WHERE a."UserId" = @__userId_0
info: Microsoft.EntityFrameworkCore.Database.Command[20101]
      Executed DbCommand (8ms) [Parameters=[@p0='?' (DbType = Guid), @p1='?' (DbType = DateTime), @p2='?' (DbType = DateTime), @p3='?' (DbType = Boolean), @p4='?', @p5='?'], CommandType='Text', CommandTimeout='30']
      INSERT INTO "RefreshTokens" ("Id", "CreatedAt", "Expires", "Revoked", "TokenHash", "UserId")
      VALUES (@p0, @p1, @p2, @p3, @p4, @p5);
[DEBUG] TicketsController GetAll using cache key: Tickets_11111111-1111-1111-1111-111111111111
[DEBUG] TicketsController Cache MISS for key: Tickets_11111111-1111-1111-1111-111111111111
[RLS DEBUG] deptClaim: '11111111-1111-1111-1111-111111111111', roleClaim: 'Admin'
[RLS DEBUG] Claim: http://schemas.xmlsoap.org/ws/2005/05/identity/claims/nameidentifier = f6d034bb-2472-48b8-969a-6fcb9805f62b
[RLS DEBUG] Claim: http://schemas.xmlsoap.org/ws/2005/05/identity/claims/emailaddress = alice@test.com
[RLS DEBUG] Claim: http://schemas.microsoft.com/ws/2008/06/identity/claims/role = Admin
[RLS DEBUG] Claim: department_id = 11111111-1111-1111-1111-111111111111
[RLS DEBUG] Claim: full_name = Alice Admin
[RLS DEBUG] Claim: exp = 1785361229
[RLS DEBUG] Claim: iss = servicedesk-api
[RLS DEBUG] Claim: aud = servicedesk-ui
[RLS DEBUG] deptClaim: '11111111-1111-1111-1111-111111111111', roleClaim: 'Admin'
[RLS DEBUG] Claim: http://schemas.xmlsoap.org/ws/2005/05/identity/claims/nameidentifier = f6d034bb-2472-48b8-969a-6fcb9805f62b
[RLS DEBUG] Claim: http://schemas.xmlsoap.org/ws/2005/05/identity/claims/emailaddress = alice@test.com
[RLS DEBUG] Claim: http://schemas.microsoft.com/ws/2008/06/identity/claims/role = Admin
[RLS DEBUG] Claim: department_id = 11111111-1111-1111-1111-111111111111
[RLS DEBUG] Claim: full_name = Alice Admin
[RLS DEBUG] Claim: exp = 1785361229
[RLS DEBUG] Claim: iss = servicedesk-api
[RLS DEBUG] Claim: aud = servicedesk-ui
info: Microsoft.EntityFrameworkCore.Database.Command[20101]
      Executed DbCommand (4ms) [Parameters=[@__thirtyDaysAgo_0='?' (DbType = DateTime)], CommandType='Text', CommandTimeout='30']
      SELECT date_trunc('day', COALESCE(t."VerifiedAt", t."CreatedAt"), 'UTC') AS "Date", t."SlaBreached"
      FROM "Tickets" AS t
      WHERE t."Status" IN ('Resolved', 'Closed') AND COALESCE(t."VerifiedAt", t."CreatedAt") >= @__thirtyDaysAgo_0
info: Microsoft.EntityFrameworkCore.Database.Command[20101]
      Executed DbCommand (2ms) [Parameters=[], CommandType='Text', CommandTimeout='30']
      SELECT t."Id", t."AssetId", t."AssignedToUserId", t."ClaimedAt", t."ClaimedByUserId", t."CreatedAt", t."DepartmentId", t."Description", t."Priority", t."ResolutionNote", t."SlaBreached", t."SlaDeadline", t."Status", t."TicketNumber", t."Title", t."VerifiedAt", t."VerifiedByUserId", a."Id", a."BlobPath", a."FileName", a."TicketId", a."UploadedAt", a."UploadedByUserId"
      FROM "Tickets" AS t
      LEFT JOIN "Attachments" AS a ON t."Id" = a."TicketId"
      ORDER BY t."Id"
info: Microsoft.EntityFrameworkCore.Database.Command[20101]
      Executed DbCommand (1ms) [Parameters=[@__sevenDaysAgo_0='?' (DbType = DateTime)], CommandType='Text', CommandTimeout='30']
      SELECT count(*)::int
      FROM "Tickets" AS t
      WHERE t."CreatedAt" >= @__sevenDaysAgo_0
info: Microsoft.EntityFrameworkCore.Database.Command[20101]
      Executed DbCommand (1ms) [Parameters=[@__fourteenDaysAgo_0='?' (DbType = DateTime), @__sevenDaysAgo_1='?' (DbType = DateTime)], CommandType='Text', CommandTimeout='30']
      SELECT count(*)::int
      FROM "Tickets" AS t
      WHERE t."CreatedAt" >= @__fourteenDaysAgo_0 AND t."CreatedAt" < @__sevenDaysAgo_1
info: Microsoft.EntityFrameworkCore.Database.Command[20101]
      Executed DbCommand (1ms) [Parameters=[@__sevenDaysAgo_0='?' (DbType = DateTime)], CommandType='Text', CommandTimeout='30']
      SELECT count(*)::int
      FROM "Tickets" AS t
      WHERE t."SlaBreached" AND t."CreatedAt" >= @__sevenDaysAgo_0
info: Microsoft.EntityFrameworkCore.Database.Command[20101]
      Executed DbCommand (3ms) [Parameters=[@__fourteenDaysAgo_0='?' (DbType = DateTime), @__sevenDaysAgo_1='?' (DbType = DateTime)], CommandType='Text', CommandTimeout='30']
      SELECT count(*)::int
      FROM "Tickets" AS t
      WHERE t."SlaBreached" AND t."CreatedAt" >= @__fourteenDaysAgo_0 AND t."CreatedAt" < @__sevenDaysAgo_1
info: Microsoft.EntityFrameworkCore.Database.Command[20101]
      Executed DbCommand (1ms) [Parameters=[@__sevenDaysAgo_0='?' (DbType = DateTime)], CommandType='Text', CommandTimeout='30']
      SELECT count(*)::int
      FROM "AuditLogs" AS a
      WHERE a."EntityName" = 'Asset' AND a."Action" = 'Added' AND a."Timestamp" >= @__sevenDaysAgo_0
info: Microsoft.EntityFrameworkCore.Database.Command[20101]
      Executed DbCommand (2ms) [Parameters=[@__fourteenDaysAgo_0='?' (DbType = DateTime), @__sevenDaysAgo_1='?' (DbType = DateTime)], CommandType='Text', CommandTimeout='30']
      SELECT count(*)::int
      FROM "AuditLogs" AS a
      WHERE a."EntityName" = 'Asset' AND a."Action" = 'Added' AND a."Timestamp" >= @__fourteenDaysAgo_0 AND a."Timestamp" < @__sevenDaysAgo_1
info: Microsoft.EntityFrameworkCore.Database.Command[20101]
      Executed DbCommand (1ms) [Parameters=[], CommandType='Text', CommandTimeout='30']
      SELECT count(*)::int
      FROM "Assets" AS a
      WHERE a."Status" <> 'Retired'
info: Microsoft.EntityFrameworkCore.Database.Command[20101]
      Executed DbCommand (1ms) [Parameters=[], CommandType='Text', CommandTimeout='30']
      SELECT d."Id", d."Name"
      FROM "Departments" AS d
      ORDER BY d."Name"
[DEBUG] TicketsController GetAll using cache key: Tickets_11111111-1111-1111-1111-111111111111
[DEBUG] TicketsController Cache HIT for key: Tickets_11111111-1111-1111-1111-111111111111
info: Microsoft.EntityFrameworkCore.Database.Command[20101]
      Executed DbCommand (2ms) [Parameters=[], CommandType='Text', CommandTimeout='30']
      SELECT a."Id", a."FullName", a."AvatarUrl"
      FROM "AspNetUsers" AS a
[DEBUG] TicketsController GetAll using cache key: Tickets_11111111-1111-1111-1111-111111111111
[DEBUG] TicketsController Cache HIT for key: Tickets_11111111-1111-1111-1111-111111111111
info: Microsoft.EntityFrameworkCore.Database.Command[20101]
      Executed DbCommand (1ms) [Parameters=[], CommandType='Text', CommandTimeout='30']
      SELECT d."Id", d."Name"
      FROM "Departments" AS d
      ORDER BY d."Name"
info: Microsoft.EntityFrameworkCore.Database.Command[20101]
      Executed DbCommand (1ms) [Parameters=[], CommandType='Text', CommandTimeout='30']
      SELECT a."Id", a."FullName", a."AvatarUrl"
      FROM "AspNetUsers" AS a
[DEBUG] TicketsController GetAll using cache key: Tickets_11111111-1111-1111-1111-111111111111
[DEBUG] TicketsController Cache HIT for key: Tickets_11111111-1111-1111-1111-111111111111
[RLS DEBUG] deptClaim: '11111111-1111-1111-1111-111111111111', roleClaim: 'Admin'
[RLS DEBUG] Claim: http://schemas.xmlsoap.org/ws/2005/05/identity/claims/nameidentifier = f6d034bb-2472-48b8-969a-6fcb9805f62b
[RLS DEBUG] Claim: http://schemas.xmlsoap.org/ws/2005/05/identity/claims/emailaddress = alice@test.com
[RLS DEBUG] Claim: http://schemas.microsoft.com/ws/2008/06/identity/claims/role = Admin
[RLS DEBUG] Claim: department_id = 11111111-1111-1111-1111-111111111111
[RLS DEBUG] Claim: full_name = Alice Admin
[RLS DEBUG] Claim: exp = 1785361229
[RLS DEBUG] Claim: iss = servicedesk-api
[RLS DEBUG] Claim: aud = servicedesk-ui
info: Microsoft.EntityFrameworkCore.Database.Command[20101]
      Executed DbCommand (2ms) [Parameters=[@__thirtyDaysAgo_0='?' (DbType = DateTime)], CommandType='Text', CommandTimeout='30']
      SELECT date_trunc('day', COALESCE(t."VerifiedAt", t."CreatedAt"), 'UTC') AS "Date", t."SlaBreached"
      FROM "Tickets" AS t
      WHERE t."Status" IN ('Resolved', 'Closed') AND COALESCE(t."VerifiedAt", t."CreatedAt") >= @__thirtyDaysAgo_0
info: Microsoft.EntityFrameworkCore.Database.Command[20101]
      Executed DbCommand (1ms) [Parameters=[@__sevenDaysAgo_0='?' (DbType = DateTime)], CommandType='Text', CommandTimeout='30']
      SELECT count(*)::int
      FROM "Tickets" AS t
      WHERE t."CreatedAt" >= @__sevenDaysAgo_0
info: Microsoft.EntityFrameworkCore.Database.Command[20101]
      Executed DbCommand (1ms) [Parameters=[@__fourteenDaysAgo_0='?' (DbType = DateTime), @__sevenDaysAgo_1='?' (DbType = DateTime)], CommandType='Text', CommandTimeout='30']
      SELECT count(*)::int
      FROM "Tickets" AS t
      WHERE t."CreatedAt" >= @__fourteenDaysAgo_0 AND t."CreatedAt" < @__sevenDaysAgo_1
info: Microsoft.EntityFrameworkCore.Database.Command[20101]
      Executed DbCommand (1ms) [Parameters=[@__sevenDaysAgo_0='?' (DbType = DateTime)], CommandType='Text', CommandTimeout='30']
      SELECT count(*)::int
      FROM "Tickets" AS t
      WHERE t."SlaBreached" AND t."CreatedAt" >= @__sevenDaysAgo_0
info: Microsoft.EntityFrameworkCore.Database.Command[20101]
      Executed DbCommand (1ms) [Parameters=[@__fourteenDaysAgo_0='?' (DbType = DateTime), @__sevenDaysAgo_1='?' (DbType = DateTime)], CommandType='Text', CommandTimeout='30']
      SELECT count(*)::int
      FROM "Tickets" AS t
      WHERE t."SlaBreached" AND t."CreatedAt" >= @__fourteenDaysAgo_0 AND t."CreatedAt" < @__sevenDaysAgo_1
info: Microsoft.EntityFrameworkCore.Database.Command[20101]
      Executed DbCommand (1ms) [Parameters=[@__sevenDaysAgo_0='?' (DbType = DateTime)], CommandType='Text', CommandTimeout='30']
      SELECT count(*)::int
      FROM "AuditLogs" AS a
      WHERE a."EntityName" = 'Asset' AND a."Action" = 'Added' AND a."Timestamp" >= @__sevenDaysAgo_0
info: Microsoft.EntityFrameworkCore.Database.Command[20101]
      Executed DbCommand (1ms) [Parameters=[@__fourteenDaysAgo_0='?' (DbType = DateTime), @__sevenDaysAgo_1='?' (DbType = DateTime)], CommandType='Text', CommandTimeout='30']
      SELECT count(*)::int
      FROM "AuditLogs" AS a
      WHERE a."EntityName" = 'Asset' AND a."Action" = 'Added' AND a."Timestamp" >= @__fourteenDaysAgo_0 AND a."Timestamp" < @__sevenDaysAgo_1
info: Microsoft.EntityFrameworkCore.Database.Command[20101]
      Executed DbCommand (1ms) [Parameters=[], CommandType='Text', CommandTimeout='30']
      SELECT count(*)::int
      FROM "Assets" AS a
      WHERE a."Status" <> 'Retired'
info: Microsoft.EntityFrameworkCore.Database.Command[20101]
      Executed DbCommand (2ms) [Parameters=[@__id_0='?' (DbType = Guid)], CommandType='Text', CommandTimeout='30']
      SELECT t."Id", t."TicketId", t."UserId", a."FullName", a."AvatarUrl", t."Content", t."CreatedAt"
      FROM "TicketComments" AS t
      INNER JOIN "AspNetUsers" AS a ON t."UserId" = a."Id"
      WHERE t."TicketId" = @__id_0
      ORDER BY t."CreatedAt"
[DEBUG] RegisterAttachment called with TicketId: 2198fe7a-1f2c-41cb-8cb5-69eebb86ab22
[RLS DEBUG] deptClaim: '11111111-1111-1111-1111-111111111111', roleClaim: 'Admin'
[RLS DEBUG] Claim: http://schemas.xmlsoap.org/ws/2005/05/identity/claims/nameidentifier = f6d034bb-2472-48b8-969a-6fcb9805f62b
[RLS DEBUG] Claim: http://schemas.xmlsoap.org/ws/2005/05/identity/claims/emailaddress = alice@test.com
[RLS DEBUG] Claim: http://schemas.microsoft.com/ws/2008/06/identity/claims/role = Admin
[RLS DEBUG] Claim: department_id = 11111111-1111-1111-1111-111111111111
[RLS DEBUG] Claim: full_name = Alice Admin
[RLS DEBUG] Claim: exp = 1785361229
[RLS DEBUG] Claim: iss = servicedesk-api
[RLS DEBUG] Claim: aud = servicedesk-ui
info: Microsoft.EntityFrameworkCore.Database.Command[20101]
      Executed DbCommand (1ms) [Parameters=[@__get_Item_0='?' (DbType = Guid)], CommandType='Text', CommandTimeout='30']
      SELECT t."Id", t."AssetId", t."AssignedToUserId", t."ClaimedAt", t."ClaimedByUserId", t."CreatedAt", t."DepartmentId", t."Description", t."Priority", t."ResolutionNote", t."SlaBreached", t."SlaDeadline", t."Status", t."TicketNumber", t."Title", t."VerifiedAt", t."VerifiedByUserId"
      FROM "Tickets" AS t
      WHERE t."Id" = @__get_Item_0
      LIMIT 1
[DEBUG] Ticket 2198fe7a-1f2c-41cb-8cb5-69eebb86ab22 found. Proceeding...
info: Microsoft.EntityFrameworkCore.Database.Command[20101]
      Executed DbCommand (1ms) [Parameters=[@p0='?' (DbType = Guid), @p1='?', @p2='?', @p3='?' (DbType = Guid), @p4='?' (DbType = DateTime), @p5='?'], CommandType='Text', CommandTimeout='30']
      INSERT INTO "Attachments" ("Id", "BlobPath", "FileName", "TicketId", "UploadedAt", "UploadedByUserId")
      VALUES (@p0, @p1, @p2, @p3, @p4, @p5);
[DEBUG] AttachmentsController removing cache key: Tickets_11111111-1111-1111-1111-111111111111
[DEBUG] TicketsController GetAll using cache key: Tickets_11111111-1111-1111-1111-111111111111
[DEBUG] TicketsController Cache MISS for key: Tickets_11111111-1111-1111-1111-111111111111
[RLS DEBUG] deptClaim: '11111111-1111-1111-1111-111111111111', roleClaim: 'Admin'
[RLS DEBUG] Claim: http://schemas.xmlsoap.org/ws/2005/05/identity/claims/nameidentifier = f6d034bb-2472-48b8-969a-6fcb9805f62b
[RLS DEBUG] Claim: http://schemas.xmlsoap.org/ws/2005/05/identity/claims/emailaddress = alice@test.com
[RLS DEBUG] Claim: http://schemas.microsoft.com/ws/2008/06/identity/claims/role = Admin
[RLS DEBUG] Claim: department_id = 11111111-1111-1111-1111-111111111111
[RLS DEBUG] Claim: full_name = Alice Admin
[RLS DEBUG] Claim: exp = 1785361229
[RLS DEBUG] Claim: iss = servicedesk-api
[RLS DEBUG] Claim: aud = servicedesk-ui
info: Microsoft.EntityFrameworkCore.Database.Command[20101]
      Executed DbCommand (1ms) [Parameters=[], CommandType='Text', CommandTimeout='30']
      SELECT d."Id", d."Name"
      FROM "Departments" AS d
      ORDER BY d."Name"
info: Microsoft.EntityFrameworkCore.Database.Command[20101]
      Executed DbCommand (1ms) [Parameters=[], CommandType='Text', CommandTimeout='30']
      SELECT t."Id", t."AssetId", t."AssignedToUserId", t."ClaimedAt", t."ClaimedByUserId", t."CreatedAt", t."DepartmentId", t."Description", t."Priority", t."ResolutionNote", t."SlaBreached", t."SlaDeadline", t."Status", t."TicketNumber", t."Title", t."VerifiedAt", t."VerifiedByUserId", a."Id", a."BlobPath", a."FileName", a."TicketId", a."UploadedAt", a."UploadedByUserId"
      FROM "Tickets" AS t
      LEFT JOIN "Attachments" AS a ON t."Id" = a."TicketId"
      ORDER BY t."Id"
info: Microsoft.EntityFrameworkCore.Database.Command[20101]
      Executed DbCommand (1ms) [Parameters=[], CommandType='Text', CommandTimeout='30']
      SELECT a."Id", a."FullName", a."AvatarUrl"
      FROM "AspNetUsers" AS a
info: Microsoft.EntityFrameworkCore.Database.Command[20101]
      Executed DbCommand (1ms) [Parameters=[@__id_0='?' (DbType = Guid)], CommandType='Text', CommandTimeout='30']
      SELECT t."Id", t."TicketId", t."UserId", a."FullName", a."AvatarUrl", t."Content", t."CreatedAt"
      FROM "TicketComments" AS t
      INNER JOIN "AspNetUsers" AS a ON t."UserId" = a."Id"
      WHERE t."TicketId" = @__id_0
      ORDER BY t."CreatedAt"
